// Jest Snapshot v1, https://goo.gl/fbAQLP

exports[`test Button 1`] = `
.emotion-0 {
  all: unset;
  -webkit-user-select: none;
  -moz-user-select: none;
  -ms-user-select: none;
  user-select: none;
  padding: 5px 10px 5px 10px;
  border-radius: 5px;
  background-color: red;
}

<div>
  <button
    class="emotion-0"
  >
    Label
  </button>
</div>
`;
